// Jest Snapshot v1, https://goo.gl/fbAQLP

exports[`<InputFile /> should render a Loading 1`] = `
<div
  className="attachment__top"
>
  <div
    className="attachment"
  >
    <span>
      File
    </span>
    <button
      className="close"
      onClick={[Function]}
    >
      <i
        className="far fa-times-circle"
      />
    </button>
  </div>
</div>
`;
